// Jest Snapshot v1, https://goo.gl/fbAQLP

exports[`<Text /> should render component 1`] = `
.c0 {
  color: #FFFFFF;
  font-family: "Kumbh Sans",sans-serif;
  font-size: 24px;
  font-weight: bold;
  line-height: 24.14px;
  margin: 0;
}

@media (min-width:768px) {
  .c0 {
    font-size: 32px;
    line-height: 32.19px;
  }
}

<span
  class="c0"
  color="white"
>
  foo
</span>
`;
